../Drivers/CMSIS/Include/core_cm4.h:1717:22:__NVIC_DisableIRQ	16	static,ignoring_inline_asm
../Drivers/CMSIS/Include/core_cm4.h:2059:26:ITM_SendChar	16	static,ignoring_inline_asm
../Core/Src/main.c:93:5:_write	32	static
../Core/Src/main.c:102:6:GPIO_OFF	4	static
../Core/Src/main.c:167:5:main	48	static,ignoring_inline_asm
../Core/Src/main.c:418:6:LPTIM1_IRQHandler	4	static
../Core/Src/main.c:487:6:SystemClock_Config	96	static
../Core/Src/main.c:533:13:MX_SPI3_Init	8	static
../Core/Src/main.c:573:13:MX_GPIO_Init	48	static
../Core/Src/main.c:632:6:Error_Handler	4	static,ignoring_inline_asm
